 16:00:01 up 2 days,  5:45,  2 users,  load average: 0.74, 1.14, 1.22
               total        used        free      shared  buff/cache   available
Mem:            31Gi       1.3Gi        23Gi        27Mi       6.6Gi        30Gi
Swap:             0B          0B          0B
               total        used        free      shared  buff/cache   available
Mem:            31Gi       1.3Gi        23Gi        27Mi       6.6Gi        30Gi
Swap:             0B          0B          0B
Filesystem      Size  Used Avail Use% Mounted on
tmpfs           3.2G  1.1M  3.2G   1% /run
/dev/sda1       387G   11G  377G   3% /
tmpfs            16G  1.3M   16G   1% /dev/shm
tmpfs           5.0M     0  5.0M   0% /run/lock
/dev/sda16      881M   64M  756M   8% /boot
/dev/sda15      105M  6.2M   99M   6% /boot/efi
tmpfs           3.2G   16K  3.2G   1% /run/user/0
Filesystem      Size  Used Avail Use% Mounted on
tmpfs           3.2G  1.1M  3.2G   1% /run
/dev/sda1       387G   11G  377G   3% /
tmpfs            16G  1.3M   16G   1% /dev/shm
tmpfs           5.0M     0  5.0M   0% /run/lock
/dev/sda16      881M   64M  756M   8% /boot
/dev/sda15      105M  6.2M   99M   6% /boot/efi
tmpfs           3.2G   16K  3.2G   1% /run/user/0
