 21:30:01 up 11:15,  5 users,  load average: 0.37, 0.50, 0.40
               total        used        free      shared  buff/cache   available
Mem:            31Gi       1.2Gi        27Gi       1.4Mi       3.4Gi        30Gi
Swap:             0B          0B          0B
Filesystem      Size  Used Avail Use% Mounted on
tmpfs           3.2G  1.1M  3.2G   1% /run
/dev/sda1       387G  6.6G  380G   2% /
tmpfs            16G  272K   16G   1% /dev/shm
tmpfs           5.0M     0  5.0M   0% /run/lock
/dev/sda16      881M   64M  756M   8% /boot
/dev/sda15      105M  6.2M   99M   6% /boot/efi
tmpfs           3.2G   12K  3.2G   1% /run/user/0
               total        used        free      shared  buff/cache   available
Mem:            31Gi       1.2Gi        27Gi       1.4Mi       3.4Gi        30Gi
Swap:             0B          0B          0B
Filesystem      Size  Used Avail Use% Mounted on
tmpfs           3.2G  1.1M  3.2G   1% /run
/dev/sda1       387G  6.6G  380G   2% /
tmpfs            16G  272K   16G   1% /dev/shm
tmpfs           5.0M     0  5.0M   0% /run/lock
/dev/sda16      881M   64M  756M   8% /boot
/dev/sda15      105M  6.2M   99M   6% /boot/efi
tmpfs           3.2G   12K  3.2G   1% /run/user/0
