 02:30:01 up 16:15, 15 users,  load average: 0.46, 0.62, 0.67
               total        used        free      shared  buff/cache   available
Mem:            31Gi       1.5Gi        26Gi       1.5Mi       3.4Gi        29Gi
Swap:             0B          0B          0B
               total        used        free      shared  buff/cache   available
Mem:            31Gi       1.5Gi        26Gi       1.5Mi       3.4Gi        29Gi
Swap:             0B          0B          0B
Filesystem      Size  Used Avail Use% Mounted on
tmpfs           3.2G  1.2M  3.2G   1% /run
/dev/sda1       387G  7.2G  380G   2% /
tmpfs            16G  272K   16G   1% /dev/shm
tmpfs           5.0M     0  5.0M   0% /run/lock
/dev/sda16      881M   64M  756M   8% /boot
/dev/sda15      105M  6.2M   99M   6% /boot/efi
tmpfs           3.2G   12K  3.2G   1% /run/user/0
Filesystem      Size  Used Avail Use% Mounted on
tmpfs           3.2G  1.2M  3.2G   1% /run
/dev/sda1       387G  7.2G  380G   2% /
tmpfs            16G  272K   16G   1% /dev/shm
tmpfs           5.0M     0  5.0M   0% /run/lock
/dev/sda16      881M   64M  756M   8% /boot
/dev/sda15      105M  6.2M   99M   6% /boot/efi
tmpfs           3.2G   12K  3.2G   1% /run/user/0
