 13:30:02 up  3:15,  0 user,  load average: 0.22, 0.24, 0.15
               total        used        free      shared  buff/cache   available
Mem:            31Gi       964Mi        28Gi       1.1Mi       2.1Gi        30Gi
Swap:             0B          0B          0B
               total        used        free      shared  buff/cache   available
Mem:            31Gi       964Mi        28Gi       1.1Mi       2.1Gi        30Gi
Swap:             0B          0B          0B
Filesystem      Size  Used Avail Use% Mounted on
tmpfs           3.2G  1.1M  3.2G   1% /run
/dev/sda1       387G  5.7G  381G   2% /
tmpfs            16G     0   16G   0% /dev/shm
tmpfs           5.0M     0  5.0M   0% /run/lock
/dev/sda16      881M   64M  756M   8% /boot
/dev/sda15      105M  6.2M   99M   6% /boot/efi
Filesystem      Size  Used Avail Use% Mounted on
tmpfs           3.2G  1.1M  3.2G   1% /run
/dev/sda1       387G  5.7G  381G   2% /
tmpfs            16G     0   16G   0% /dev/shm
tmpfs           5.0M     0  5.0M   0% /run/lock
/dev/sda16      881M   64M  756M   8% /boot
/dev/sda15      105M  6.2M   99M   6% /boot/efi
